<html>
<body>
<pre>
<h1>µVision Build Log</h1>
<h2>Tool Versions:</h2>
IDE-Version: ¦ÌVision V5.40.0.0
Copyright (C) 2024 ARM Ltd and ARM Germany GmbH. All rights reserved.
License Information: 1 Sunsoaked, 1, LIC=32B1Q-N19JK-JJG6S-LF7D0-2IWFZ-H95W6
 
Tool Versions:
Toolchain:       MDK-ARM Plus  Version: 5.40.0.3
Toolchain Path:  F:\Keil_v5\ARM\ARMCLANG\Bin
C Compiler:      ArmClang.exe V6.22
Assembler:       Armasm.exe V6.22
Linker/Locator:  ArmLink.exe V6.22
Library Manager: ArmAr.exe V6.22
Hex Converter:   FromElf.exe V6.22
CPU DLL:         SARMCM3.DLL V5.40.0.3
Dialog DLL:      DCM.DLL V1.17.5.0
Target DLL:      STLink\ST-LINKIII-KEIL_SWO.dll V3.3.0.0
Dialog DLL:      TCM.DLL V1.56.4.0
 
<h2>Project:</h2>
F:\Keil_v5\Project\STM32F407-Accessibility-Assistance-System\MDK-ARM\STM32F407-Accessibility-Assistance-System.uvprojx
Project File Date:  05/08/2025

<h2>Output:</h2>
*** Using Compiler 'V6.22', folder: 'F:\Keil_v5\ARM\ARMCLANG\Bin'
Build target 'STM32F407-Accessibility-Assistance-System'
compiling hc_sr04.c...
compiling Integration.c...
compiling mqtt.c...
compiling esp8266.c...
compiling main.c...
linking...
Program Size: Code=87476 RO-data=9668 RW-data=168 ZI-data=73432  
FromELF: creating hex file...
"STM32F407-Accessibility-Assistance-System\STM32F407-Accessibility-Assistance-System.axf" - 0 Error(s), 0 Warning(s).

<h2>Software Packages used:</h2>

Package Vendor: ARM
                https://www.keil.com/pack/ARM.CMSIS.6.1.0.pack
                ARM::CMSIS@6.1.0
                CMSIS (Common Microcontroller Software Interface Standard)
   * Component: CORE Version: 6.1.0

Package Vendor: Keil
                https://www.keil.com/pack/Keil.STM32F4xx_DFP.3.0.0.pack
                Keil::STM32F4xx_DFP@3.0.0
                STMicroelectronics STM32F4 Series Device Support

<h2>Collection of Component include folders:</h2>
  ./RTE/_STM32F407-Accessibility-Assistance-System
  F:/Keil_v5/Packs/ARM/CMSIS/6.1.0/CMSIS/Core/Include

<h2>Collection of Component Files used:</h2>

   * Component: ARM::CMSIS:CORE@6.1.0
      Include file:  CMSIS/Core/Include/tz_context.h
Build Time Elapsed:  00:00:01
</pre>
</body>
</html>
